[INFO] Scanning for projects...
[INFO] 
[INFO] -------------------------< com.example:BiCIAM >-------------------------
[INFO] Building BiCIAM 1.0-SNAPSHOT
[INFO]   from pom.xml
[INFO] --------------------------------[ jar ]---------------------------------
[INFO] 
[INFO] --- clean:3.2.0:clean (default-clean) @ BiCIAM ---
[INFO] Deleting C:\IntelliJPro\uni\LB\BiCIAM\target
[INFO] 
[INFO] --- jacoco:0.8.10:prepare-agent (default) @ BiCIAM ---
[INFO] argLine set to -javaagent:C:\\Users\\aicu4\\.m2\\repository\\org\\jacoco\\org.jacoco.agent\\0.8.10\\org.jacoco.agent-0.8.10-runtime.jar=destfile=C:\\IntelliJPro\\uni\\LB\\BiCIAM\\target\\jacoco.exec
[INFO] 
[INFO] --- resources:3.3.1:resources (default-resources) @ BiCIAM ---
[INFO] Copying 3 resources from src\main\resources to target\classes
[INFO] 
[INFO] --- compiler:3.13.0:compile (default-compile) @ BiCIAM ---
[INFO] Recompiling the module because of changed source code.
[INFO] Compiling 103 source files with javac [debug target 17] to target\classes
[WARNING] /C:/IntelliJPro/uni/LB/BiCIAM/src/main/java/metaheuristics/generators/MultiobjectiveHillClimbingDistance.java:[62,46] Double(double) in java.lang.Double has been deprecated and marked for removal
[INFO] /C:/IntelliJPro/uni/LB/BiCIAM/src/main/java/factory_method/FactoryLoader.java: C:\IntelliJPro\uni\LB\BiCIAM\src\main\java\factory_method\FactoryLoader.java uses or overrides a deprecated API.
[INFO] /C:/IntelliJPro/uni/LB/BiCIAM/src/main/java/factory_method/FactoryLoader.java: Recompile with -Xlint:deprecation for details.
[INFO] 
[INFO] --- resources:3.3.1:testResources (default-testResources) @ BiCIAM ---
[INFO] Copying 0 resource from src\test\resources to target\test-classes
[INFO] 
[INFO] --- compiler:3.13.0:testCompile (default-testCompile) @ BiCIAM ---
[INFO] Recompiling the module because of changed dependency.
[INFO] Compiling 8 source files with javac [debug target 17] to target\test-classes
[INFO] /C:/IntelliJPro/uni/LB/BiCIAM/src/test/java/problem/definition/ProblemTest.java: C:\IntelliJPro\uni\LB\BiCIAM\src\test\java\problem\definition\ProblemTest.java uses unchecked or unsafe operations.
[INFO] /C:/IntelliJPro/uni/LB/BiCIAM/src/test/java/problem/definition/ProblemTest.java: Recompile with -Xlint:unchecked for details.
[INFO] Some messages have been simplified; recompile with -Xdiags:verbose to get full output
[INFO] -------------------------------------------------------------
[ERROR] COMPILATION ERROR : 
[INFO] -------------------------------------------------------------
[ERROR] /C:/IntelliJPro/uni/LB/BiCIAM/src/test/java/evolutionary_algorithms/complement/ComplementTests.java:[91,46] incompatible types: java.util.List<problem.definition.State> cannot be converted to problem.definition.State
[ERROR] /C:/IntelliJPro/uni/LB/BiCIAM/src/test/java/factory_method/FactoryTests.java:[38,30] cannot find symbol
  symbol:   method createFatherSelection(evolutionary_algorithms.complement.SelectionType)
  location: variable factory of type factory_method.FactoryFatherSelection
[ERROR] /C:/IntelliJPro/uni/LB/BiCIAM/src/test/java/factory_method/FactoryTests.java:[72,78] cannot find symbol
  symbol:   variable definition
  location: variable problem of type problem.definition.Problem
[INFO] 3 errors 
[INFO] -------------------------------------------------------------
[INFO] ------------------------------------------------------------------------
[INFO] BUILD FAILURE
[INFO] ------------------------------------------------------------------------
[INFO] Total time:  3.117 s
[INFO] Finished at: 2025-12-05T14:15:23Z
[INFO] ------------------------------------------------------------------------
[ERROR] Failed to execute goal org.apache.maven.plugins:maven-compiler-plugin:3.13.0:testCompile (default-testCompile) on project BiCIAM: Compilation failure: Compilation failure: 
[ERROR] /C:/IntelliJPro/uni/LB/BiCIAM/src/test/java/evolutionary_algorithms/complement/ComplementTests.java:[91,46] incompatible types: java.util.List<problem.definition.State> cannot be converted to problem.definition.State
[ERROR] /C:/IntelliJPro/uni/LB/BiCIAM/src/test/java/factory_method/FactoryTests.java:[38,30] cannot find symbol
[ERROR]   symbol:   method createFatherSelection(evolutionary_algorithms.complement.SelectionType)
[ERROR]   location: variable factory of type factory_method.FactoryFatherSelection
[ERROR] /C:/IntelliJPro/uni/LB/BiCIAM/src/test/java/factory_method/FactoryTests.java:[72,78] cannot find symbol
[ERROR]   symbol:   variable definition
[ERROR]   location: variable problem of type problem.definition.Problem
[ERROR] -> [Help 1]
[ERROR] 
[ERROR] To see the full stack trace of the errors, re-run Maven with the -e switch.
[ERROR] Re-run Maven using the -X switch to enable full debug logging.
[ERROR] 
[ERROR] For more information about the errors and possible solutions, please read the following articles:
[ERROR] [Help 1] http://cwiki.apache.org/confluence/display/MAVEN/MojoFailureException
