[INFO] Scanning for projects...
[INFO] 
[INFO] -------------------------< com.example:BiCIAM >-------------------------
[INFO] Building BiCIAM 1.0-SNAPSHOT
[INFO]   from pom.xml
[INFO] --------------------------------[ jar ]---------------------------------
[INFO] 
[INFO] --- jacoco:0.8.10:prepare-agent (default) @ BiCIAM ---
[INFO] argLine set to -javaagent:C:\\Users\\aicu4\\.m2\\repository\\org\\jacoco\\org.jacoco.agent\\0.8.10\\org.jacoco.agent-0.8.10-runtime.jar=destfile=C:\\IntelliJPro\\uni\\LB\\BiCIAM\\target\\jacoco.exec
[INFO] 
[INFO] --- resources:3.3.1:resources (default-resources) @ BiCIAM ---
[INFO] Copying 3 resources from src\main\resources to target\classes
[INFO] 
[INFO] --- compiler:3.13.0:compile (default-compile) @ BiCIAM ---
[INFO] Recompiling the module because of changed source code.
[INFO] Compiling 103 source files with javac [debug target 17] to target\classes
[INFO] /C:/IntelliJPro/uni/LB/BiCIAM/src/main/java/factory_method/FactoryLoader.java: C:\IntelliJPro\uni\LB\BiCIAM\src\main\java\factory_method\FactoryLoader.java uses or overrides a deprecated API.
[INFO] /C:/IntelliJPro/uni/LB/BiCIAM/src/main/java/factory_method/FactoryLoader.java: Recompile with -Xlint:deprecation for details.
[INFO] -------------------------------------------------------------
[WARNING] COMPILATION WARNING : 
[INFO] -------------------------------------------------------------
[WARNING] /C:/IntelliJPro/uni/LB/BiCIAM/src/main/java/evolutionary_algorithms/complement/ProbabilisticSampling.java:[60,53] Integer(int) in java.lang.Integer has been deprecated and marked for removal
[WARNING] /C:/IntelliJPro/uni/LB/BiCIAM/src/main/java/metaheuristics/generators/MultiobjectiveHillClimbingDistance.java:[62,46] Double(double) in java.lang.Double has been deprecated and marked for removal
[INFO] 2 warnings 
[INFO] -------------------------------------------------------------
[INFO] -------------------------------------------------------------
[ERROR] COMPILATION ERROR : 
[INFO] -------------------------------------------------------------
[ERROR] /C:/IntelliJPro/uni/LB/BiCIAM/src/main/java/local_search/acceptation_type/AcceptMulticase.java:[26,43] unmappable character (0xF3) for encoding UTF-8
[ERROR] /C:/IntelliJPro/uni/LB/BiCIAM/src/main/java/local_search/acceptation_type/AcceptMulticase.java:[26,74] unmappable character (0xF3) for encoding UTF-8
[ERROR] /C:/IntelliJPro/uni/LB/BiCIAM/src/main/java/local_search/acceptation_type/AcceptMulticase.java:[27,31] unmappable character (0xF3) for encoding UTF-8
[ERROR] /C:/IntelliJPro/uni/LB/BiCIAM/src/main/java/local_search/acceptation_type/AcceptMulticase.java:[27,62] unmappable character (0xF3) for encoding UTF-8
[ERROR] /C:/IntelliJPro/uni/LB/BiCIAM/src/main/java/local_search/acceptation_type/AcceptMulticase.java:[29,48] unmappable character (0xF3) for encoding UTF-8
[ERROR] /C:/IntelliJPro/uni/LB/BiCIAM/src/main/java/local_search/acceptation_type/AcceptMulticase.java:[29,67] unmappable character (0xF3) for encoding UTF-8
[ERROR] /C:/IntelliJPro/uni/LB/BiCIAM/src/main/java/local_search/acceptation_type/AcceptMulticase.java:[43,73] unmappable character (0xF3) for encoding UTF-8
[ERROR] /C:/IntelliJPro/uni/LB/BiCIAM/src/main/java/local_search/acceptation_type/AcceptMulticase.java:[60,73] unmappable character (0xF3) for encoding UTF-8
[ERROR] /C:/IntelliJPro/uni/LB/BiCIAM/src/main/java/local_search/acceptation_type/AcceptMulticase.java:[73,31] unmappable character (0xFA) for encoding UTF-8
[ERROR] /C:/IntelliJPro/uni/LB/BiCIAM/src/main/java/local_search/acceptation_type/AcceptMulticase.java:[76,52] unmappable character (0xF3) for encoding UTF-8
[ERROR] /C:/IntelliJPro/uni/LB/BiCIAM/src/main/java/local_search/acceptation_type/AcceptMulticase.java:[83,94] unmappable character (0xFA) for encoding UTF-8
[ERROR] /C:/IntelliJPro/uni/LB/BiCIAM/src/main/java/local_search/acceptation_type/AcceptMulticase.java:[83,161] unmappable character (0xF3) for encoding UTF-8
[ERROR] /C:/IntelliJPro/uni/LB/BiCIAM/src/main/java/local_search/acceptation_type/AcceptMulticase.java:[94,94] unmappable character (0xFA) for encoding UTF-8
[ERROR] /C:/IntelliJPro/uni/LB/BiCIAM/src/main/java/local_search/acceptation_type/AcceptMulticase.java:[94,162] unmappable character (0xF3) for encoding UTF-8
[ERROR] /C:/IntelliJPro/uni/LB/BiCIAM/src/main/java/local_search/acceptation_type/AcceptNotDominated.java:[21,51] unmappable character (0xF3) for encoding UTF-8
[ERROR] /C:/IntelliJPro/uni/LB/BiCIAM/src/main/java/local_search/acceptation_type/AcceptNotDominated.java:[22,36] unmappable character (0xED) for encoding UTF-8
[ERROR] /C:/IntelliJPro/uni/LB/BiCIAM/src/main/java/local_search/acceptation_type/AcceptNotDominated.java:[22,91] unmappable character (0xF3) for encoding UTF-8
[ERROR] /C:/IntelliJPro/uni/LB/BiCIAM/src/main/java/local_search/acceptation_type/AcceptNotDominated.java:[23,67] unmappable character (0xF3) for encoding UTF-8
[ERROR] /C:/IntelliJPro/uni/LB/BiCIAM/src/main/java/local_search/acceptation_type/AcceptNotDominated.java:[26,52] unmappable character (0xF3) for encoding UTF-8
[ERROR] /C:/IntelliJPro/uni/LB/BiCIAM/src/main/java/local_search/acceptation_type/AcceptNotDominated.java:[26,76] unmappable character (0xF3) for encoding UTF-8
[ERROR] /C:/IntelliJPro/uni/LB/BiCIAM/src/main/java/local_search/acceptation_type/AcceptNotDominatedTabu.java:[19,43] unmappable character (0xF3) for encoding UTF-8
[ERROR] /C:/IntelliJPro/uni/LB/BiCIAM/src/main/java/local_search/acceptation_type/AcceptNotDominatedTabu.java:[20,28] unmappable character (0xED) for encoding UTF-8
[ERROR] /C:/IntelliJPro/uni/LB/BiCIAM/src/main/java/local_search/acceptation_type/AcceptNotDominatedTabu.java:[20,83] unmappable character (0xF3) for encoding UTF-8
[ERROR] /C:/IntelliJPro/uni/LB/BiCIAM/src/main/java/local_search/acceptation_type/AcceptNotDominatedTabu.java:[21,59] unmappable character (0xF3) for encoding UTF-8
[ERROR] /C:/IntelliJPro/uni/LB/BiCIAM/src/main/java/local_search/acceptation_type/Dominance.java:[13,45] unmappable character (0xE9) for encoding UTF-8
[ERROR] /C:/IntelliJPro/uni/LB/BiCIAM/src/main/java/local_search/acceptation_type/Dominance.java:[14,16] unmappable character (0xF3) for encoding UTF-8
[ERROR] /C:/IntelliJPro/uni/LB/BiCIAM/src/main/java/local_search/acceptation_type/Dominance.java:[14,45] unmappable character (0xF3) for encoding UTF-8
[ERROR] /C:/IntelliJPro/uni/LB/BiCIAM/src/main/java/local_search/acceptation_type/Dominance.java:[19,39] unmappable character (0xF3) for encoding UTF-8
[ERROR] /C:/IntelliJPro/uni/LB/BiCIAM/src/main/java/local_search/acceptation_type/Dominance.java:[19,62] unmappable character (0xF3) for encoding UTF-8
[ERROR] /C:/IntelliJPro/uni/LB/BiCIAM/src/main/java/local_search/acceptation_type/Dominance.java:[37,31] unmappable character (0xF3) for encoding UTF-8
[ERROR] /C:/IntelliJPro/uni/LB/BiCIAM/src/main/java/local_search/acceptation_type/Dominance.java:[39,52] unmappable character (0xF3) for encoding UTF-8
[ERROR] /C:/IntelliJPro/uni/LB/BiCIAM/src/main/java/local_search/acceptation_type/Dominance.java:[45,39] unmappable character (0xF3) for encoding UTF-8
[ERROR] /C:/IntelliJPro/uni/LB/BiCIAM/src/main/java/local_search/acceptation_type/Dominance.java:[47,54] unmappable character (0xF3) for encoding UTF-8
[ERROR] /C:/IntelliJPro/uni/LB/BiCIAM/src/main/java/local_search/acceptation_type/Dominance.java:[47,93] unmappable character (0xF3) for encoding UTF-8
[ERROR] /C:/IntelliJPro/uni/LB/BiCIAM/src/main/java/local_search/acceptation_type/Dominance.java:[61,39] unmappable character (0xF3) for encoding UTF-8
[ERROR] /C:/IntelliJPro/uni/LB/BiCIAM/src/main/java/local_search/acceptation_type/Dominance.java:[61,62] unmappable character (0xF3) for encoding UTF-8
[ERROR] /C:/IntelliJPro/uni/LB/BiCIAM/src/main/java/local_search/acceptation_type/Dominance.java:[70,31] unmappable character (0xF3) for encoding UTF-8
[ERROR] /C:/IntelliJPro/uni/LB/BiCIAM/src/main/java/local_search/acceptation_type/Dominance.java:[72,52] unmappable character (0xF3) for encoding UTF-8
[ERROR] /C:/IntelliJPro/uni/LB/BiCIAM/src/main/java/local_search/acceptation_type/Dominance.java:[78,39] unmappable character (0xF3) for encoding UTF-8
[ERROR] /C:/IntelliJPro/uni/LB/BiCIAM/src/main/java/local_search/acceptation_type/Dominance.java:[81,134] unmappable character (0xF3) for encoding UTF-8
[ERROR] /C:/IntelliJPro/uni/LB/BiCIAM/src/main/java/local_search/acceptation_type/Dominance.java:[83,54] unmappable character (0xF3) for encoding UTF-8
[ERROR] /C:/IntelliJPro/uni/LB/BiCIAM/src/main/java/local_search/acceptation_type/Dominance.java:[83,93] unmappable character (0xF3) for encoding UTF-8
[ERROR] /C:/IntelliJPro/uni/LB/BiCIAM/src/main/java/local_search/acceptation_type/Dominance.java:[96,16] unmappable character (0xF3) for encoding UTF-8
[ERROR] /C:/IntelliJPro/uni/LB/BiCIAM/src/main/java/metaheurictics/strategy/Strategy.java:[50,110] unmappable character (0xF3) for encoding UTF-8
[ERROR] /C:/IntelliJPro/uni/LB/BiCIAM/src/main/java/metaheurictics/strategy/Strategy.java:[51,68] unmappable character (0xF3) for encoding UTF-8
[ERROR] /C:/IntelliJPro/uni/LB/BiCIAM/src/main/java/metaheurictics/strategy/Strategy.java:[123,36] unmappable character (0xF3) for encoding UTF-8
[ERROR] /C:/IntelliJPro/uni/LB/BiCIAM/src/main/java/metaheurictics/strategy/Strategy.java:[145,84] unmappable character (0xF3) for encoding UTF-8
[ERROR] /C:/IntelliJPro/uni/LB/BiCIAM/src/main/java/metaheuristics/generators/DistributionEstimationAlgorithm.java:[57,72] unmappable character (0xE9) for encoding UTF-8
[ERROR] /C:/IntelliJPro/uni/LB/BiCIAM/src/main/java/metaheuristics/generators/GeneticAlgorithm.java:[63,68] unmappable character (0xE9) for encoding UTF-8
[ERROR] /C:/IntelliJPro/uni/LB/BiCIAM/src/main/java/metaheuristics/generators/MultiobjectiveHillClimbingDistance.java:[33,59] unmappable character (0xF3) for encoding UTF-8
[ERROR] /C:/IntelliJPro/uni/LB/BiCIAM/src/main/java/metaheuristics/generators/MultiobjectiveHillClimbingDistance.java:[59,46] unmappable character (0xF3) for encoding UTF-8
[ERROR] /C:/IntelliJPro/uni/LB/BiCIAM/src/main/java/metaheuristics/generators/MultiobjectiveHillClimbingDistance.java:[186,47] unmappable character (0xFA) for encoding UTF-8
[ERROR] /C:/IntelliJPro/uni/LB/BiCIAM/src/main/java/metaheuristics/generators/MultiobjectiveHillClimbingRestart.java:[61,46] unmappable character (0xF3) for encoding UTF-8
[ERROR] /C:/IntelliJPro/uni/LB/BiCIAM/src/main/java/metaheuristics/generators/Particle.java:[120,76] unmappable character (0xE1) for encoding UTF-8
[ERROR] /C:/IntelliJPro/uni/LB/BiCIAM/src/main/java/problem/extension/MetricasMultiobjetivo.java:[28,16] unmappable character (0xE9) for encoding UTF-8
[ERROR] /C:/IntelliJPro/uni/LB/BiCIAM/src/main/java/problem/extension/MetricasMultiobjetivo.java:[28,34] unmappable character (0xE1) for encoding UTF-8
[ERROR] /C:/IntelliJPro/uni/LB/BiCIAM/src/main/java/problem/extension/MetricasMultiobjetivo.java:[35,93] unmappable character (0xE1) for encoding UTF-8
[ERROR] /C:/IntelliJPro/uni/LB/BiCIAM/src/main/java/problem/extension/MetricasMultiobjetivo.java:[42,235] unmappable character (0xE1) for encoding UTF-8
[ERROR] /C:/IntelliJPro/uni/LB/BiCIAM/src/main/java/problem/extension/MetricasMultiobjetivo.java:[56,54] unmappable character (0xF3) for encoding UTF-8
[ERROR] /C:/IntelliJPro/uni/LB/BiCIAM/src/main/java/problem/extension/MetricasMultiobjetivo.java:[9,21] package jxl.read.biff does not exist
[ERROR] /C:/IntelliJPro/uni/LB/BiCIAM/src/main/java/problem/extension/MetricasMultiobjetivo.java:[15,101] cannot find symbol
  symbol:   class BiffException
  location: class problem.extension.MetricasMultiobjetivo
[ERROR] /C:/IntelliJPro/uni/LB/BiCIAM/src/main/java/problem/extension/MetricasMultiobjetivo.java:[29,113] cannot find symbol
  symbol:   class BiffException
  location: class problem.extension.MetricasMultiobjetivo
[ERROR] /C:/IntelliJPro/uni/LB/BiCIAM/src/main/java/problem/extension/MetricasMultiobjetivo.java:[55,69] cannot find symbol
  symbol:   class BiffException
  location: class problem.extension.MetricasMultiobjetivo
[INFO] 63 errors 
[INFO] -------------------------------------------------------------
[INFO] ------------------------------------------------------------------------
[INFO] BUILD FAILURE
[INFO] ------------------------------------------------------------------------
[INFO] Total time:  2.061 s
[INFO] Finished at: 2025-12-05T10:44:12Z
[INFO] ------------------------------------------------------------------------
[ERROR] Failed to execute goal org.apache.maven.plugins:maven-compiler-plugin:3.13.0:compile (default-compile) on project BiCIAM: Compilation failure: Compilation failure: 
[ERROR] /C:/IntelliJPro/uni/LB/BiCIAM/src/main/java/local_search/acceptation_type/AcceptMulticase.java:[26,43] unmappable character (0xF3) for encoding UTF-8
[ERROR] /C:/IntelliJPro/uni/LB/BiCIAM/src/main/java/local_search/acceptation_type/AcceptMulticase.java:[26,74] unmappable character (0xF3) for encoding UTF-8
[ERROR] /C:/IntelliJPro/uni/LB/BiCIAM/src/main/java/local_search/acceptation_type/AcceptMulticase.java:[27,31] unmappable character (0xF3) for encoding UTF-8
[ERROR] /C:/IntelliJPro/uni/LB/BiCIAM/src/main/java/local_search/acceptation_type/AcceptMulticase.java:[27,62] unmappable character (0xF3) for encoding UTF-8
[ERROR] /C:/IntelliJPro/uni/LB/BiCIAM/src/main/java/local_search/acceptation_type/AcceptMulticase.java:[29,48] unmappable character (0xF3) for encoding UTF-8
[ERROR] /C:/IntelliJPro/uni/LB/BiCIAM/src/main/java/local_search/acceptation_type/AcceptMulticase.java:[29,67] unmappable character (0xF3) for encoding UTF-8
[ERROR] /C:/IntelliJPro/uni/LB/BiCIAM/src/main/java/local_search/acceptation_type/AcceptMulticase.java:[43,73] unmappable character (0xF3) for encoding UTF-8
[ERROR] /C:/IntelliJPro/uni/LB/BiCIAM/src/main/java/local_search/acceptation_type/AcceptMulticase.java:[60,73] unmappable character (0xF3) for encoding UTF-8
[ERROR] /C:/IntelliJPro/uni/LB/BiCIAM/src/main/java/local_search/acceptation_type/AcceptMulticase.java:[73,31] unmappable character (0xFA) for encoding UTF-8
[ERROR] /C:/IntelliJPro/uni/LB/BiCIAM/src/main/java/local_search/acceptation_type/AcceptMulticase.java:[76,52] unmappable character (0xF3) for encoding UTF-8
[ERROR] /C:/IntelliJPro/uni/LB/BiCIAM/src/main/java/local_search/acceptation_type/AcceptMulticase.java:[83,94] unmappable character (0xFA) for encoding UTF-8
[ERROR] /C:/IntelliJPro/uni/LB/BiCIAM/src/main/java/local_search/acceptation_type/AcceptMulticase.java:[83,161] unmappable character (0xF3) for encoding UTF-8
[ERROR] /C:/IntelliJPro/uni/LB/BiCIAM/src/main/java/local_search/acceptation_type/AcceptMulticase.java:[94,94] unmappable character (0xFA) for encoding UTF-8
[ERROR] /C:/IntelliJPro/uni/LB/BiCIAM/src/main/java/local_search/acceptation_type/AcceptMulticase.java:[94,162] unmappable character (0xF3) for encoding UTF-8
[ERROR] /C:/IntelliJPro/uni/LB/BiCIAM/src/main/java/local_search/acceptation_type/AcceptNotDominated.java:[21,51] unmappable character (0xF3) for encoding UTF-8
[ERROR] /C:/IntelliJPro/uni/LB/BiCIAM/src/main/java/local_search/acceptation_type/AcceptNotDominated.java:[22,36] unmappable character (0xED) for encoding UTF-8
[ERROR] /C:/IntelliJPro/uni/LB/BiCIAM/src/main/java/local_search/acceptation_type/AcceptNotDominated.java:[22,91] unmappable character (0xF3) for encoding UTF-8
[ERROR] /C:/IntelliJPro/uni/LB/BiCIAM/src/main/java/local_search/acceptation_type/AcceptNotDominated.java:[23,67] unmappable character (0xF3) for encoding UTF-8
[ERROR] /C:/IntelliJPro/uni/LB/BiCIAM/src/main/java/local_search/acceptation_type/AcceptNotDominated.java:[26,52] unmappable character (0xF3) for encoding UTF-8
[ERROR] /C:/IntelliJPro/uni/LB/BiCIAM/src/main/java/local_search/acceptation_type/AcceptNotDominated.java:[26,76] unmappable character (0xF3) for encoding UTF-8
[ERROR] /C:/IntelliJPro/uni/LB/BiCIAM/src/main/java/local_search/acceptation_type/AcceptNotDominatedTabu.java:[19,43] unmappable character (0xF3) for encoding UTF-8
[ERROR] /C:/IntelliJPro/uni/LB/BiCIAM/src/main/java/local_search/acceptation_type/AcceptNotDominatedTabu.java:[20,28] unmappable character (0xED) for encoding UTF-8
[ERROR] /C:/IntelliJPro/uni/LB/BiCIAM/src/main/java/local_search/acceptation_type/AcceptNotDominatedTabu.java:[20,83] unmappable character (0xF3) for encoding UTF-8
[ERROR] /C:/IntelliJPro/uni/LB/BiCIAM/src/main/java/local_search/acceptation_type/AcceptNotDominatedTabu.java:[21,59] unmappable character (0xF3) for encoding UTF-8
[ERROR] /C:/IntelliJPro/uni/LB/BiCIAM/src/main/java/local_search/acceptation_type/Dominance.java:[13,45] unmappable character (0xE9) for encoding UTF-8
[ERROR] /C:/IntelliJPro/uni/LB/BiCIAM/src/main/java/local_search/acceptation_type/Dominance.java:[14,16] unmappable character (0xF3) for encoding UTF-8
[ERROR] /C:/IntelliJPro/uni/LB/BiCIAM/src/main/java/local_search/acceptation_type/Dominance.java:[14,45] unmappable character (0xF3) for encoding UTF-8
[ERROR] /C:/IntelliJPro/uni/LB/BiCIAM/src/main/java/local_search/acceptation_type/Dominance.java:[19,39] unmappable character (0xF3) for encoding UTF-8
[ERROR] /C:/IntelliJPro/uni/LB/BiCIAM/src/main/java/local_search/acceptation_type/Dominance.java:[19,62] unmappable character (0xF3) for encoding UTF-8
[ERROR] /C:/IntelliJPro/uni/LB/BiCIAM/src/main/java/local_search/acceptation_type/Dominance.java:[37,31] unmappable character (0xF3) for encoding UTF-8
[ERROR] /C:/IntelliJPro/uni/LB/BiCIAM/src/main/java/local_search/acceptation_type/Dominance.java:[39,52] unmappable character (0xF3) for encoding UTF-8
[ERROR] /C:/IntelliJPro/uni/LB/BiCIAM/src/main/java/local_search/acceptation_type/Dominance.java:[45,39] unmappable character (0xF3) for encoding UTF-8
[ERROR] /C:/IntelliJPro/uni/LB/BiCIAM/src/main/java/local_search/acceptation_type/Dominance.java:[47,54] unmappable character (0xF3) for encoding UTF-8
[ERROR] /C:/IntelliJPro/uni/LB/BiCIAM/src/main/java/local_search/acceptation_type/Dominance.java:[47,93] unmappable character (0xF3) for encoding UTF-8
[ERROR] /C:/IntelliJPro/uni/LB/BiCIAM/src/main/java/local_search/acceptation_type/Dominance.java:[61,39] unmappable character (0xF3) for encoding UTF-8
[ERROR] /C:/IntelliJPro/uni/LB/BiCIAM/src/main/java/local_search/acceptation_type/Dominance.java:[61,62] unmappable character (0xF3) for encoding UTF-8
[ERROR] /C:/IntelliJPro/uni/LB/BiCIAM/src/main/java/local_search/acceptation_type/Dominance.java:[70,31] unmappable character (0xF3) for encoding UTF-8
[ERROR] /C:/IntelliJPro/uni/LB/BiCIAM/src/main/java/local_search/acceptation_type/Dominance.java:[72,52] unmappable character (0xF3) for encoding UTF-8
[ERROR] /C:/IntelliJPro/uni/LB/BiCIAM/src/main/java/local_search/acceptation_type/Dominance.java:[78,39] unmappable character (0xF3) for encoding UTF-8
[ERROR] /C:/IntelliJPro/uni/LB/BiCIAM/src/main/java/local_search/acceptation_type/Dominance.java:[81,134] unmappable character (0xF3) for encoding UTF-8
[ERROR] /C:/IntelliJPro/uni/LB/BiCIAM/src/main/java/local_search/acceptation_type/Dominance.java:[83,54] unmappable character (0xF3) for encoding UTF-8
[ERROR] /C:/IntelliJPro/uni/LB/BiCIAM/src/main/java/local_search/acceptation_type/Dominance.java:[83,93] unmappable character (0xF3) for encoding UTF-8
[ERROR] /C:/IntelliJPro/uni/LB/BiCIAM/src/main/java/local_search/acceptation_type/Dominance.java:[96,16] unmappable character (0xF3) for encoding UTF-8
[ERROR] /C:/IntelliJPro/uni/LB/BiCIAM/src/main/java/metaheurictics/strategy/Strategy.java:[50,110] unmappable character (0xF3) for encoding UTF-8
[ERROR] /C:/IntelliJPro/uni/LB/BiCIAM/src/main/java/metaheurictics/strategy/Strategy.java:[51,68] unmappable character (0xF3) for encoding UTF-8
[ERROR] /C:/IntelliJPro/uni/LB/BiCIAM/src/main/java/metaheurictics/strategy/Strategy.java:[123,36] unmappable character (0xF3) for encoding UTF-8
[ERROR] /C:/IntelliJPro/uni/LB/BiCIAM/src/main/java/metaheurictics/strategy/Strategy.java:[145,84] unmappable character (0xF3) for encoding UTF-8
[ERROR] /C:/IntelliJPro/uni/LB/BiCIAM/src/main/java/metaheuristics/generators/DistributionEstimationAlgorithm.java:[57,72] unmappable character (0xE9) for encoding UTF-8
[ERROR] /C:/IntelliJPro/uni/LB/BiCIAM/src/main/java/metaheuristics/generators/GeneticAlgorithm.java:[63,68] unmappable character (0xE9) for encoding UTF-8
[ERROR] /C:/IntelliJPro/uni/LB/BiCIAM/src/main/java/metaheuristics/generators/MultiobjectiveHillClimbingDistance.java:[33,59] unmappable character (0xF3) for encoding UTF-8
[ERROR] /C:/IntelliJPro/uni/LB/BiCIAM/src/main/java/metaheuristics/generators/MultiobjectiveHillClimbingDistance.java:[59,46] unmappable character (0xF3) for encoding UTF-8
[ERROR] /C:/IntelliJPro/uni/LB/BiCIAM/src/main/java/metaheuristics/generators/MultiobjectiveHillClimbingDistance.java:[186,47] unmappable character (0xFA) for encoding UTF-8
[ERROR] /C:/IntelliJPro/uni/LB/BiCIAM/src/main/java/metaheuristics/generators/MultiobjectiveHillClimbingRestart.java:[61,46] unmappable character (0xF3) for encoding UTF-8
[ERROR] /C:/IntelliJPro/uni/LB/BiCIAM/src/main/java/metaheuristics/generators/Particle.java:[120,76] unmappable character (0xE1) for encoding UTF-8
[ERROR] /C:/IntelliJPro/uni/LB/BiCIAM/src/main/java/problem/extension/MetricasMultiobjetivo.java:[28,16] unmappable character (0xE9) for encoding UTF-8
[ERROR] /C:/IntelliJPro/uni/LB/BiCIAM/src/main/java/problem/extension/MetricasMultiobjetivo.java:[28,34] unmappable character (0xE1) for encoding UTF-8
[ERROR] /C:/IntelliJPro/uni/LB/BiCIAM/src/main/java/problem/extension/MetricasMultiobjetivo.java:[35,93] unmappable character (0xE1) for encoding UTF-8
[ERROR] /C:/IntelliJPro/uni/LB/BiCIAM/src/main/java/problem/extension/MetricasMultiobjetivo.java:[42,235] unmappable character (0xE1) for encoding UTF-8
[ERROR] /C:/IntelliJPro/uni/LB/BiCIAM/src/main/java/problem/extension/MetricasMultiobjetivo.java:[56,54] unmappable character (0xF3) for encoding UTF-8
[ERROR] /C:/IntelliJPro/uni/LB/BiCIAM/src/main/java/problem/extension/MetricasMultiobjetivo.java:[9,21] package jxl.read.biff does not exist
[ERROR] /C:/IntelliJPro/uni/LB/BiCIAM/src/main/java/problem/extension/MetricasMultiobjetivo.java:[15,101] cannot find symbol
[ERROR]   symbol:   class BiffException
[ERROR]   location: class problem.extension.MetricasMultiobjetivo
[ERROR] /C:/IntelliJPro/uni/LB/BiCIAM/src/main/java/problem/extension/MetricasMultiobjetivo.java:[29,113] cannot find symbol
[ERROR]   symbol:   class BiffException
[ERROR]   location: class problem.extension.MetricasMultiobjetivo
[ERROR] /C:/IntelliJPro/uni/LB/BiCIAM/src/main/java/problem/extension/MetricasMultiobjetivo.java:[55,69] cannot find symbol
[ERROR]   symbol:   class BiffException
[ERROR]   location: class problem.extension.MetricasMultiobjetivo
[ERROR] -> [Help 1]
[ERROR] 
[ERROR] To see the full stack trace of the errors, re-run Maven with the -e switch.
[ERROR] Re-run Maven using the -X switch to enable full debug logging.
[ERROR] 
[ERROR] For more information about the errors and possible solutions, please read the following articles:
[ERROR] [Help 1] http://cwiki.apache.org/confluence/display/MAVEN/MojoFailureException
